**********************************************************************************************************************************
                                              CALPOST  Version 6.221         Level 080724      
**********************************************************************************************************************************
  
  


 Internal Coordinate Transformations by  ---  COORDLIB   Version: 1.99   Level: 070921    



  Run Title:
     furnace FFT, simulation period from 31/08/2017 to 31/12/2017, emission profile f
     PTEMARB file, 1 stack, emission rate: authorized max concentration * flow rate  
     pollutant Cadmium, resolution 50 m, mesh factor MESHDN=10                       

 --------------------------------------------------------------------------------                                                    
                                                                                                                                     
 INPUT GROUP: 1 -- General run control parameters                                                                                    
 --------------                                                                                                                      
                                                                                                                                     
      Option to run all periods found                                                                                                
      in the met. file(s)  (METRUN)        Default: 0   ! METRUN =   1  !                                                            
                                                                                                                                     
          METRUN = 0 - Run period explicitly defined below                                                                           
          METRUN = 1 - Run all periods in CALPUFF data file(s)                                                                       
                                                                                                                                     
      Starting date:    Year   (ISYR)  --    No default   ! ISYR  =  2017  !                                                         
                        Month  (ISMO)  --    No default   ! ISMO  =  1  !                                                            
                        Day    (ISDY)  --    No default   ! ISDY  =  1  !                                                            
      Starting time:    Hour   (ISHR)  --    No default   ! ISHR  =  1  !                                                            
                        Minute (ISMIN) --    No default   ! ISMIN =  0  !                                                            
                        Second (ISSEC) --    No default   ! ISSEC =  0  !                                                            
                                                                                                                                     
      Ending date:      Year   (IEYR)  --    No default   ! IEYR  =  2018  !                                                         
                        Month  (IEMO)  --    No default   ! IEMO  =  1  !                                                            
                        Day    (IEDY)  --    No default   ! IEDY  =  1  !                                                            
      Ending time:      Hour   (IEHR)  --    No default   ! IEHR  =  0  !                                                            
                        Minute (IEMIN) --    No default   ! IEMIN =  0  !                                                            
                        Second (IESEC) --    No default   ! IESEC =  0  !                                                            
                                                                                                                                     
      (These are only used if METRUN = 0)                                                                                            
                                                                                                                                     
      All times are in the base time zone of the CALPUFF simulation.                                                                 
      CALPUFF Dataset Version 2.1 contains the zone, but earlier versions                                                            
      do not, and the zone must be specified here.  The zone is the                                                                  
      number of hours that must be ADDED to the time to obtain UTC (or GMT).                                                         
      Identify the Base Time Zone for the CALPUFF simulation                                                                         
                               (BTZONE) -- No default   ! BTZONE = -1 !                                                              
                                                                                                                                     
      Process every period of data?                                                                                                  
                                 (NREP) -- Default: 1   ! NREP  =  1  !                                                              
       (1 = every period processed,                                                                                                  
        2 = every 2nd period processed,                                                                                              
        5 = every 5th period processed, etc.)                                                                                        
                                                                                                                                     
 Species & Concentration/Deposition Information                                                                                      
 ----------------------------------------------                                                                                      
                                                                                                                                     
       Species to process (ASPEC)       -- No default   ! ASPEC = CD  !                                                              
       (ASPEC = VISIB for visibility processing)                                                                                     
                                                                                                                                     
       Layer/deposition code (ILAYER)   -- Default: 1   ! ILAYER =  1  !                                                             
         '1'  for CALPUFF concentrations,                                                                                            
         '-1' for dry deposition fluxes,                                                                                             
         '-2' for wet deposition fluxes,                                                                                             
         '-3' for wet+dry deposition fluxes.                                                                                         
                                                                                                                                     
       Scaling factors of the form:     -- Defaults:    ! A =  0.001    ! **mb: PAY MUCH ATTENTION, this is a rescaling factor, can b
             X(new) = X(old) * A + B         A = 0.0    ! B =  0.0    !                                                              
         (NOT applied if A = B = 0.0)        B = 0.0                                                                                 
                                                                                                                                     
       Add Hourly Background Concentrations/Fluxes?                                                                                  
                               (LBACK)  -- Default: F   ! LBACK =  F !                                                               
                                                                                                                                     
 Source information                                                                                                                  
 ------------------                                                                                                                  
                                                                                                                                     
   Option to process source contributions:                                                                                           
          0 =  Process only total reported contributions                                                                             
          1 =  Sum all individual source contributions and process                                                                   
          2 =  Run in TRACEBACK mode to identify source                                                                              
               contributions at a SINGLE receptor                                                                                    
                              (MSOURCE) -- Default: 0   ! MSOURCE =  0  !                                                            
                                                                                                                                     
 Receptor information                                                                                                                
 --------------------                                                                                                                
                                                                                                                                     
   Gridded receptors processed?    (LG) -- Default: F   ! LG  = F  !                                                                 
   Discrete receptors processed?   (LD) -- Default: F   ! LD  = T  !                                                                 
   CTSG Complex terrain receptors processed?                                                                                         
                                  (LCT) -- Default: F   ! LCT = F  !                                                                 
                                                                                                                                     
 --Report results by DISCRETE receptor RING?                                                                                         
   (only used when LD = T)     (LDRING) -- Default: F   ! LDRING = F  !                                                              
                                                                                                                                     
 --Select range of DISCRETE receptors (only used when LD = T):                                                                       
                                                                                                                                     
   Select ALL DISCRETE receptors by setting NDRECP flag to -1;                                                                       
                                OR                                                                                                   
   Select SPECIFIC DISCRETE receptors by entering a flag (0,1) for each                                                              
      0 = discrete receptor not processed                                                                                            
      1 = discrete receptor processed                                                                                                
   using repeated value notation to select blocks of receptors:                                                                      
      23*1, 15*0, 12*1                                                                                                               
   Flag for all receptors after the last one assigned is set to 0                                                                    
   (NDRECP) -- Default: -1                                                                                                           
                                                ! NDRECP =  -1  !                                                                    
                                                                                                                                     
                                                                                                                                     
 --Select range of GRIDDED receptors (only used when LG = T):                                                                        
                                                                                                                                     
        X index of LL corner (IBGRID) -- Default: -1     ! IBGRID = -1  !                                                            
            (-1 OR 1 <= IBGRID <= NX)                                                                                                
                                                                                                                                     
        Y index of LL corner (JBGRID) -- Default: -1     ! JBGRID = -1  !                                                            
            (-1 OR 1 <= JBGRID <= NY)                                                                                                
                                                                                                                                     
        X index of UR corner (IEGRID) -- Default: -1     ! IEGRID = -1  !                                                            
            (-1 OR 1 <= IEGRID <= NX)                                                                                                
                                                                                                                                     
        Y index of UR corner (JEGRID) -- Default: -1     ! JEGRID = -1  !                                                            
            (-1 OR 1 <= JEGRID <= NY)                                                                                                
                                                                                                                                     
   Note: Entire grid is processed if IBGRID=JBGRID=IEGRID=JEGRID=-1                                                                  
                                                                                                                                     
                                                                                                                                     
 --Specific gridded receptors can also be excluded from CALPOST                                                                      
   processing by filling a processing grid array with 0s and 1s.  If the                                                             
   processing flag for receptor index (i,j) is 1 (ON), that receptor                                                                 
   will be processed if it lies within the range delineated by IBGRID,                                                               
   JBGRID,IEGRID,JEGRID and if LG=T. If it is 0 (OFF), it will not be                                                                
   processed in the run.  By default, all array values are set to 1 (ON).                                                            
                                                                                                                                     
   Number of gridded receptor rows provided in Subgroup (1a) to                                                                      
   identify specific gridded receptors to process                                                                                    
                            (NGONOFF) -- Default: 0      ! NGONOFF =  0  !                                                           
                                                                                                                                     
 !END!                                                                                                                               
                                                                                                                                     
                                                                                                                                     
 --------------                                                                                                                      
 Subgroup (1a) -- Specific gridded receptors included/excluded                                                                       
 --------------                                                                                                                      
                                                                                                                                     
     Specific gridded receptors are excluded from CALPOST processing                                                                 
     by filling a processing grid array with 0s and 1s.  A total of                                                                  
     NGONOFF lines are read here.  Each line corresponds to one 'row'                                                                
     in the sampling grid, starting with the NORTHERNMOST row that                                                                   
     contains receptors that you wish to exclude, and finishing with                                                                 
     row 1 to the SOUTH (no intervening rows may be skipped).  Within                                                                
     a row, each receptor position is assigned either a 0 or 1,                                                                      
     starting with the westernmost receptor.                                                                                         
        0 = gridded receptor not processed                                                                                           
        1 = gridded receptor processed                                                                                               
                                                                                                                                     
     Repeated value notation may be used to select blocks of receptors:                                                              
        23*1, 15*0, 12*1                                                                                                             
                                                                                                                                     
     Because all values are initially set to 1, any receptors north of                                                               
     the first row entered, or east of the last value provided in a row,                                                             
     remain ON.                                                                                                                      
                                                                                                                                     
     (NGXRECP) -- Default: 1                                                                                                         
                                                                                                                                     
                                                                                                                                     
 -------------------------------------------------------------------------------                                                     
                                                                                                                                     
 INPUT GROUP: 2 -- Visibility Parameters (ASPEC = VISIB)                                                                             
 --------------                                                                                                                      
                                                                                                                                     
     Identify the Base Time Zone for the CALPUFF simulation                                                                          
                               (BTZONE) -- No default   * BTZONE =  0.*                                                              
                                                                                                                                     
     Particle growth curve f(RH) for hygroscopic species                                                                             
                                 (MFRH) -- Default: 2   ! MFRH   =  2  !                                                             
                                                                                                                                     
          1 =  IWAQM (1998) f(RH) curve (originally used with MVISBK=1)                                                              
          2 =  FLAG (2000) f(RH) tabulation                                                                                          
          3 =  EPA (2003) f(RH) tabulation                                                                                           
                                                                                                                                     
     Maximum relative humidity (%) used in particle growth curve                                                                     
                                (RHMAX) -- Default: 98  ! RHMAX  = 98.0 !                                                            
                                                                                                                                     
     Modeled species to be included in computing the light extinction                                                                
      Include SULFATE?          (LVSO4) -- Default: T   ! LVSO4  = T  !                                                              
      Include NITRATE?          (LVNO3) -- Default: T   ! LVNO3  = T  !                                                              
      Include ORGANIC CARBON?   (LVOC)  -- Default: T   ! LVOC   = T  !                                                              
      Include COARSE PARTICLES? (LVPMC) -- Default: T   ! LVPMC  = T  !                                                              
      Include FINE PARTICLES?   (LVPMF) -- Default: T   ! LVPMF  = T  !                                                              
      Include ELEMENTAL CARBON? (LVEC)  -- Default: T   ! LVEC   = T  !                                                              
                                                                                                                                     
     And, when ranking for TOP-N, TOP-50, and Exceedance tables,                                                                     
      Include BACKGROUND?       (LVBK)  -- Default: T   ! LVBK   = T  !                                                              
                                                                                                                                     
     Species name used for particulates in MODEL.DAT file                                                                            
                    COARSE    (SPECPMC) -- Default: PMC ! SPECPMC = PMC !                                                            
                    FINE      (SPECPMF) -- Default: PMF ! SPECPMF = PMF !                                                            
                                                                                                                                     
 Extinction Efficiency (1/Mm per ug/m**3)                                                                                            
 ----------------------------------------                                                                                            
     MODELED particulate species:                                                                                                    
                PM  COARSE      (EEPMC) -- Default: 0.6 ! EEPMC  = 0.6 !                                                             
                PM  FINE        (EEPMF) -- Default: 1.0 ! EEPMF  = 1.0 !                                                             
     BACKGROUND particulate species:                                                                                                 
                PM  COARSE    (EEPMCBK) -- Default: 0.6 ! EEPMCBK = 0.6 !                                                            
     Other species:                                                                                                                  
               AMMONIUM SULFATE (EESO4) -- Default: 3.0 ! EESO4  = 3.0 !                                                             
               AMMONIUM NITRATE (EENO3) -- Default: 3.0 ! EENO3  = 3.0 !                                                             
               ORGANIC CARBON   (EEOC)  -- Default: 4.0 ! EEOC   = 4.0 !                                                             
               SOIL             (EESOIL)-- Default: 1.0 ! EESOIL = 1.0 !                                                             
               ELEMENTAL CARBON (EEEC)  -- Default: 10. ! EEEC   = 10.0 !                                                            
                                                                                                                                     
 Background Extinction Computation                                                                                                   
 ---------------------------------                                                                                                   
                                                                                                                                     
     Method used for the 24h-average of percent change of light extinction:                                                          
     Hourly ratio of source light extinction / background light extinction                                                           
     is averaged?               (LAVER) -- Default: F   ! LAVER = F  !                                                               
                                                                                                                                     
                                                                                                                                     
     Method used for background light extinction                                                                                     
                               (MVISBK) -- Default: 2   ! MVISBK =  2  !                                                             
                                                                                                                                     
          1 =  Supply single light extinction and hygroscopic fraction                                                               
               - Hourly F(RH) adjustment applied to hygroscopic background                                                           
                 and modeled sulfate and nitrate                                                                                     
          2 =  Compute extinction from speciated PM measurements (A)                                                                 
               - Hourly F(RH) adjustment applied to observed and modeled sulfate                                                     
                 and nitrate                                                                                                         
               - F(RH) factor is capped at F(RHMAX)                                                                                  
          3 =  Compute extinction from speciated PM measurements (B)                                                                 
               - Hourly F(RH) adjustment applied to observed and modeled sulfate                                                     
                 and nitrate                                                                                                         
               - Receptor-hour excluded if RH>RHMAX                                                                                  
               - Receptor-day excluded if fewer than 6 valid receptor-hours                                                          
          4 =  Read hourly transmissometer background extinction measurements                                                        
               - Hourly F(RH) adjustment applied to modeled sulfate and nitrate                                                      
               - Hour excluded if measurement invalid (missing, interference,                                                        
                 or large RH)                                                                                                        
               - Receptor-hour excluded if RH>RHMAX                                                                                  
               - Receptor-day excluded if fewer than 6 valid receptor-hours                                                          
          5 =  Read hourly nephelometer background extinction measurements                                                           
               - Rayleigh extinction value (BEXTRAY) added to measurement                                                            
               - Hourly F(RH) adjustment applied to modeled sulfate and nitrate                                                      
               - Hour excluded if measurement invalid (missing, interference,                                                        
                 or large RH)                                                                                                        
               - Receptor-hour excluded if RH>RHMAX                                                                                  
               - Receptor-day excluded if fewer than 6 valid receptor-hours                                                          
          6 =  Compute extinction from speciated PM measurements                                                                     
               - FLAG monthly RH adjustment factor applied to observed and                                                           
                 modeled sulfate and nitrate                                                                                         
          7 =  Use observed weather or prognostic weather information for                                                            
               background extinction during weather events; otherwise, use Method 2                                                  
               - Hourly F(RH) adjustment applied to modeled sulfate and nitrate                                                      
               - F(RH) factor is capped at F(RHMAX)                                                                                  
               - During observed weather events, compute Bext from visual range                                                      
                 if using an observed weather data file, or                                                                          
               - During prognostic weather events, use Bext from the prognostic                                                      
                 weather file                                                                                                        
               - Use Method 2 for hours without a weather event                                                                      
                                                                                                                                     
     Additional inputs used for MVISBK = 1:                                                                                          
     --------------------------------------                                                                                          
      Background light extinction (1/Mm)                                                                                             
                               (BEXTBK) -- No default   ! BEXTBK = 0.0 !                                                             
      Percentage of particles affected by relative humidity                                                                          
                               (RHFRAC) -- No default   ! RHFRAC = 0.0 !                                                             
                                                                                                                                     
     Additional inputs used for MVISBK = 6:                                                                                          
     --------------------------------------                                                                                          
      Extinction coefficients for hygroscopic species (modeled and                                                                   
      background) are computed using a monthly RH adjustment factor                                                                  
      in place of an hourly RH factor (VISB.DAT file is NOT needed).                                                                 
      Enter the 12 monthly factors here (RHFAC).  Month 1 is January.                                                                
                                                                                                                                     
      (RHFAC)  -- No default     ! RHFAC = 0.0, 0.0, 0.0, 0.0,                                                                       
                                           0.0, 0.0, 0.0, 0.0,                                                                       
                                           0.0, 0.0, 0.0, 0.0 !                                                                      
                                                                                                                                     
     Additional inputs used for MVISBK = 7:                                                                                          
     --------------------------------------                                                                                          
      The weather data file (DATSAV abbreviated space-delimited) that                                                                
      is identified as VSRN.DAT may contain data for more than one                                                                   
      station.  Identify the stations that are needed in the order in                                                                
      which they will be used to obtain valid weather and visual range.                                                              
      The first station that contains valid data for an hour will be                                                                 
      used.  Enter up to MXWSTA (set in PARAMS file) integer station IDs                                                             
      of up to 6 digits each as variable IDWSTA, and enter the corresponding                                                         
      time zone for each, as variable TZONE (= UTC-LST).                                                                             
                                                                                                                                     
      A prognostic weather data file with Bext for weather events may be used                                                        
      in place of the observed weather file.  Identify this as the VSRN.DAT                                                          
      file and use a station ID of IDWSTA = 999999, and TZONE = 0.                                                                   
                                                                                                                                     
      NOTE:  TZONE identifies the time zone used in the dataset.  The                                                                
             DATSAV abbreviated space-delimited data usually are prepared                                                            
             with UTC time rather than local time, so TZONE is typically                                                             
             set to zero.                                                                                                            
                                                                                                                                     
      (IDWSTA)   -- No default                                                                                                       
     ! IDWSTA = 999999 !                                                                                                             
      (TZONE)    -- No default                                                                                                       
     ! TZONE  = 0.0 !                                                                                                                
                                                                                                                                     
     Additional inputs used for MVISBK = 2,3,6,7:                                                                                    
     --------------------------------------------                                                                                    
      Background extinction coefficients are computed from monthly                                                                   
      CONCENTRATIONS of ammonium sulfate (BKSO4), ammonium nitrate (BKNO3),                                                          
      coarse particulates (BKPMC), organic carbon (BKOC), soil (BKSOIL), and                                                         
      elemental carbon (BKEC).  Month 1 is January.                                                                                  
      (ug/m**3)                                                                                                                      
                                                                                                                                     
      (BKSO4)  -- No default     ! BKSO4 = 0.0, 0.0, 0.0, 0.0,                                                                       
                                           0.0, 0.0, 0.0, 0.0,                                                                       
                                           0.0, 0.0, 0.0, 0.0 !                                                                      
      (BKNO3)  -- No default     ! BKNO3 = 0.0, 0.0, 0.0, 0.0,                                                                       
                                           0.0, 0.0, 0.0, 0.0,                                                                       
                                           0.0, 0.0, 0.0, 0.0 !                                                                      
      (BKPMC)  -- No default     ! BKPMC = 0.0, 0.0, 0.0, 0.0,                                                                       
                                           0.0, 0.0, 0.0, 0.0,                                                                       
                                           0.0, 0.0, 0.0, 0.0 !                                                                      
      (BKOC)   -- No default     ! BKOC  = 0.0, 0.0, 0.0, 0.0,                                                                       
                                           0.0, 0.0, 0.0, 0.0,                                                                       
                                           0.0, 0.0, 0.0, 0.0 !                                                                      
      (BKSOIL) -- No default     ! BKSOIL= 0.0, 0.0, 0.0, 0.0,                                                                       
                                           0.0, 0.0, 0.0, 0.0,                                                                       
                                           0.0, 0.0, 0.0, 0.0 !                                                                      
      (BKEC)   -- No default     ! BKEC  = 0.0, 0.0, 0.0, 0.0,                                                                       
                                           0.0, 0.0, 0.0, 0.0,                                                                       
                                           0.0, 0.0, 0.0, 0.0 !                                                                      
                                                                                                                                     
     Additional inputs used for MVISBK = 2,3,5,6,7:                                                                                  
     ----------------------------------------------                                                                                  
      Extinction due to Rayleigh scattering is added (1/Mm)                                                                          
                              (BEXTRAY) -- Default: 10.0 ! BEXTRAY = 10.0 !                                                          
                                                                                                                                     
 !END!                                                                                                                               
 -------------------------------------------------------------------------------                                                     
                                                                                                                                     
 INPUT GROUP: 3 -- Output options                                                                                                    
 --------------                                                                                                                      
                                                                                                                                     
 Documentation                                                                                                                       
 -------------                                                                                                                       
                                                                                                                                     
     Documentation records contained in the header of the                                                                            
     CALPUFF output file may be written to the list file.                                                                            
     Print documentation image?                                                                                                      
                                 (LDOC) -- Default: F   !  LDOC = F !                                                                
                                                                                                                                     
 Output Units                                                                                                                        
 ------------                                                                                                                        
     Units for All Output       (IPRTU) -- Default: 1   ! IPRTU =  4   !                                                             
                      for            for                                                                                             
                 Concentration    Deposition                                                                                         
        1 =         g/m**3         g/m**2/s                                                                                          
        2 =        mg/m**3        mg/m**2/s                                                                                          
        3 =        ug/m**3        ug/m**2/s                                                                                          
        4 =        ng/m**3        ng/m**2/s                                                                                          
        5 =      Odour Units                                                                                                         
                                                                                                                                     
     Visibility: extinction expressed in 1/Mega-meters (IPRTU is ignored)                                                            
                                                                                                                                     
                                                                                                                                     
 Averaging time(s) reported                                                                                                          
 --------------------------                                                                                                          
                                                                                                                                     
     1-pd averages           (L1PD) -- Default: T   !   L1PD = F  !                                                                  
     (pd = averaging period of model output)                                                                                         
                                                                                                                                     
     1-hr averages           (L1HR) -- Default: T   !   L1HR = T  !                                                                  
                                                                                                                                     
     3-hr averages           (L3HR) -- Default: T   !   L3HR = F  !                                                                  
                                                                                                                                     
     24-hr averages         (L24HR) -- Default: T   !  L24HR = T  !                                                                  
                                                                                                                                     
     Run-length averages    (LRUNL) -- Default: T   !  LRUNL = T  !                                                                  
                                                                                                                                     
     User-specified averaging time in hours - results for                                                                            
     an averaging time of NAVG hours are reported for                                                                                
     NAVG greater than 0:                                                                                                            
                             (NAVG) -- Default: 0   !   NAVG =  0  !                                                                 
                                                                                                                                     
                                                                                                                                     
 Types of tabulations reported                                                                                                       
 ------------------------------                                                                                                      
                                                                                                                                     
    1) Visibility: daily visibility tabulations are always reported                                                                  
                   for the selected receptors when ASPEC = VISIB.                                                                    
                   In addition, any of the other tabulations listed                                                                  
                   below may be chosen to characterize the light                                                                     
                   extinction coefficients.                                                                                          
                   [List file or Plot/Analysis File]                                                                                 
                                                                                                                                     
                                                                                                                                     
    2) Top 50 table for each averaging time selected                                                                                 
       [List file only]                                                                                                              
                             (LT50) -- Default: T   !   LT50 = F  !                                                                  
                                                                                                                                     
    3) Top 'N' table for each averaging time selected                                                                                
       [List file or Plot file]                                                                                                      
                            (LTOPN) -- Default: F   !  LTOPN = T  !                                                                  
                                                                                                                                     
         -- Number of 'Top-N' values at each receptor                                                                                
            selected (NTOP must be <= 4)                                                                                             
                             (NTOP) -- Default: 4   ! NTOP =  4   !                                                                  
                                                                                                                                     
         -- Specific ranks of 'Top-N' values reported                                                                                
            (NTOP values must be entered)                                                                                            
                    (ITOP(4) array) -- Default:     ! ITOP =  1 , 30, 60, 148 ! ** calpuff run 2952 recs, P100, P99, P98, P95**      
                                       1,2,3,4                                                                                       
                                                                                                                                     
                                                                                                                                     
    4) Threshold exceedance counts for each receptor and each averaging                                                              
       time selected                                                                                                                 
       [List file or Plot file]                                                                                                      
                            (LEXCD) -- Default: F   !  LEXCD = F  !                                                                  
                                                                                                                                     
         -- Identify the threshold for each averaging time by assigning a                                                            
            non-negative value (output units).                                                                                       
                                                                                                                                     
                                    -- Default: -1.0                                                                                 
            Threshold for  1-hr averages   (THRESH1) !  THRESH1 = -1.0  !                                                            
            Threshold for  3-hr averages   (THRESH3) !  THRESH3 = -1.0  !                                                            
            Threshold for 24-hr averages  (THRESH24) ! THRESH24 = -1.0  !                                                            
            Threshold for NAVG-hr averages (THRESHN) !  THRESHN = -1.0  !                                                            
                                                                                                                                     
                                                                                                                                     
         -- Counts for the shortest averaging period selected can be                                                                 
            tallied daily, and receptors that experience more than NCOUNT                                                            
            counts over any NDAY period will be reported.  This type of                                                              
            exceedance violation output is triggered only if NDAY > 0.                                                               
                                                                                                                                     
            Accumulation period(Days)                                                                                                
                             (NDAY) -- Default: 0   !    NDAY =  0  !                                                                
            Number of exceedances allowed                                                                                            
                           (NCOUNT) -- Default: 1   !  NCOUNT =  1  !                                                                
                                                                                                                                     
                                                                                                                                     
    5) Selected day table(s)                                                                                                         
                                                                                                                                     
       Echo Option -- Many records are written each averaging period                                                                 
       selected and output is grouped by day                                                                                         
       [List file or Plot file]                                                                                                      
                            (LECHO) -- Default: F   !  LECHO = F  !                                                                  
                                                                                                                                     
       Timeseries Option -- Averages at all selected receptors for                                                                   
       each selected averaging period are written to timeseries files.                                                               
       Each file contains one averaging period, and all receptors are                                                                
       written to a single record each averaging time.                                                                               
       [TSERIES_ASPEC_ttHR_CONC_TSUNAM.DAT files]                                                                                    
                            (LTIME) -- Default: F   !  LTIME = T  !  *mb: output time series*                                        
                                                                                                                                     
       Peak Value Option -- Averages at all selected receptors for                                                                   
       each selected averaging period are screened and the peak value                                                                
       each period is written to timeseries files.                                                                                   
       Each file contains one averaging period.                                                                                      
       [PEAKVAL_ASPEC_ttHR_CONC_TSUNAM.DAT files]                                                                                    
                            (LPEAK) -- Default: F   !  LPEAK = T  !                                                                  
                                                                                                                                     
         -- Days selected for output                                                                                                 
                       (IECHO(366)) -- Default: 366*0                                                                                
            ! IECHO  = 366*1  !                                                                                                      
            (366 values must be entered)                                                                                             
                                                                                                                                     
 Plot output options                                                                                                                 
 -------------------                                                                                                                 
                                                                                                                                     
      Plot files can be created for the Top-N, Exceedance, and Echo                                                                  
      tables selected above.  Two formats for these files are available,                                                             
      DATA and GRID.  In the DATA format, results at all receptors are                                                               
      listed along with the receptor location [x,y,val1,val2,...].                                                                   
      In the GRID format, results at only gridded receptors are written,                                                             
      using a compact representation.  The gridded values are written in                                                             
      rows (x varies), starting with the most southern row of the grid.                                                              
      The GRID format is given the .GRD extension, and includes headers                                                              
      compatible with the SURFER(R) plotting software.                                                                               
                                                                                                                                     
      A plotting and analysis file can also be created for the daily                                                                 
      peak visibility summary output, in DATA format only.                                                                           
                                                                                                                                     
      Generate Plot file output in addition to writing tables                                                                        
      to List file?                                                                                                                  
                                  (LPLT) -- Default: F   ! LPLT  = F !                                                               
                                                                                                                                     
      Use GRID format rather than DATA format,                                                                                       
      when available?                                                                                                                
                                  (LGRD) -- Default: F   ! LGRD  = F !                                                               
                                                                                                                                     
                                                                                                                                     
 Auxiliary Output Files (for subsequent analyses)                                                                                    
 ------------------------------------------------                                                                                    
                                                                                                                                     
       Visibility                                                                                                                    
                                                                                                                                     
       A separate output file may be requested that contains the change                                                              
       in visibility at each selected receptor when ASPEC = VISIB.  This                                                             
       file can be processed to construct visibility measures that are                                                               
       not available in CALPOST.                                                                                                     
                                                                                                                                     
       Output file with the visibility change at each receptor?                                                                      
                                 (MDVIS) -- Default: 0   ! MDVIS  =  0  !                                                            
                                                                                                                                     
            0 =  Do Not create file                                                                                                  
            1 =  Create file of DAILY (24 hour) Delta-Deciview                                                                       
            2 =  Create file of DAILY (24 hour) Extinction Change (%)                                                                
            3 =  Create file of HOURLY Delta-Deciview                                                                                
            4 =  Create file of HOURLY Extinction Change (%)                                                                         
                                                                                                                                     
                                                                                                                                     
 Additional Debug Output                                                                                                             
 -----------------------                                                                                                             
                                                                                                                                     
    Output selected information to List file                                                                                         
     for debugging?                                                                                                                  
                                (LDEBUG) -- Default: F  ! LDEBUG  = F !                                                              
                                                                                                                                     
    Output hourly extinction information to REPORT.HRV?                                                                              
     (Visibility Method 7)                                                                                                           
                               (LVEXTHR) -- Default: F  ! LVEXTHR = F !                                                              
                                                                                                                                     
 !END!                                                                                                                               

 -------------------------------------------------
 NOTICE: Starting year in control file sets the
         expected century for the simulation.  All
         YY years are converted to YYYY years in
         the range:         1967        2066
 -------------------------------------------------

  
**********************************************************************************************************************************
                                              CALPOST  Version 6.221         Level 080724      
**********************************************************************************************************************************
  
  


  CALPOST Control File Input Summary -------------------------

     Replace run data with data in Puff file 1=Y:    1
                       Run starting date -- year: 2017
                                           month:    1
                                             day:    1
                                      Julian day:    0
             Time at start of run  -  hour(0-23):    1
                                   -      minute:    0
                                   -      second:    0

                         Run ending date -- year: 2018
                                           month:    1
                                             day:    1
                                      Julian day:    0
               Time at end of run  -  hour(0-23):    0
                                   -      minute:    0
                                   -      second:    0


                        Base time zone (Group 1):  -1.0

 Every period of data processed -- NREP = 1


  Species & Concentration/Deposition Information
                                         Species: CD          
                         Layer of processed data:    1
     (>0=conc, -1=dry flux, -2=wet flux, -3=wet & dry flux)
                   Multiplicative scaling factor: 1.0000E-03
                         Additive scaling factor: 0.0000E+00
                  Hourly background values used?: F


  SAMPLER option
                               Processing method: 0
                   0= SAMPLER option not used
                   1= Report total modeled impact (list file)
                   2= TRACEBACK mode (DAT files)
                   3= TRACEBACK mode with sampling factor (DAT files)


  Source information
                  Source contribution processing: 0
                   0= No source contributions
                   1= Contributions are summed
                   2= TRACEBACK mode for 1 receptor
                   3= Reported TOTAL is processed


  Receptor information
                    Gridded receptors processed?: F
                   Discrete receptors processed?: T
       CTSG Complex terrain receptors processed?: F

  Discrete Receptors Processed

   (All Discrete Receptors are Used)


  Visibility Processing is NOT Selected   



  Output options
                      Units requested for output:   (ng/m**3)    

  Averaging time(s) selected
        User-specified averaging time (hr:mm:ss):     0: 0: 0
                                   1-pd averages:     F
                                   1-hr averages:     T
                                   3-hr averages:     F
                                  24-hr averages:     T
                         User-specified averages:     F
                          Length of run averages:     T

  Output components selected
                                          Top-50:     F
                   Top-N values at each receptor:     T
              Exceedance counts at each receptor:     F
       Output selected information for debugging:     F
                   Echo tables for selected days:     F
                   Time-series for selected days:     T
        Peak value Time-series for selected days:     T

  Top "n" table control
         Number of "top" values at each receptor:     4
         Specific ranks of "top" values reported:   1  30  60 148


  Plot file option
                              Plot files created:     F


  Days selected for output tables
     1111111111  1111111111  1111111111  1111111111  1111111111  1111111111  1111111111  1111111111  1111111111  1111111111
     1111111111  1111111111  1111111111  1111111111  1111111111  1111111111  1111111111  1111111111  1111111111  1111111111
     1111111111  1111111111  1111111111  1111111111  1111111111  1111111111  1111111111  1111111111  1111111111  1111111111
     1111111111  1111111111  1111111111  1111111111  1111111111  1111111111  111111

 MAPSPEC:  Species Mapping
   Number of species-levels in file  :            1
   Number of species-levels processed:            2

   Input ID  Processing ID     Name
       1           1          CD            1

      Visibility Species
             Processing ID     Name
no2gas             2          NO2           1



 IDENTIFICATION OF PROCESSED MODEL FILE ----------

 CALPUFF     5.8.5       151214      

 furnace FFT, simulation period from 31/08/2017 to 31/12/2017, emission profile f
 PTEMARB file, 1 stack, emission rate: authorized max concentration * flow rate, 
 pollutant Cadmium, resolution 50 m, mesh factor MESHDN=10                       

 Averaging time for values reported from model:
                 1    HOUR

 Number of averaging periods in file from model:
              2952

 Chemical species names for each layer in model:
 CD            1



 QA Information -- Internal Representation of Data

 CONTENTS OF CONTROL FILE ------------------------
  METRUN              =           1
      (so times in model output file are used)
  isyr,ismo,isdy      =        2017           8          31
  ishr,ismin,issec    =           0           0           0
  ieyr,iemo,iedy      =        2018           1           1
  iehr,iemin,iesec    =           0           0           0
  nper                =        2952
  aspec,ilayer        =CD                     1
  asplv               =CD            1
  NO2CALC             =           1
     RNO2NOX          =   1.00000000    
  MSOURCE             =           0
  MCALMPRO            =           0
  MET1FMT             =           1
  LG,LD,LCT,LDRING    = F T F F
  IBGRID,IEGRID       =          -1          -1
  JBGRID,JEGRID       =          -1          -1
  NDRECP              =
-1 0 0 0 0 0 0 0 0 0 0 0 0 0 0 0 0 0 0
  a,b,LSCALE          =   1.00000005E-03   0.00000000     T
  LBACK               = F
  MVISBK              =           2
  MVISCHECK           =           1
  AREANAME            =User                                                        
  MFRH                =           2
  RHMAX,BEXTRAY       =   98.0000000       10.0000000    
  RHFRAC,BEXTBK       =   0.00000000       0.00000000    
  LVSO4,LVNO3,LVNO2   = T T F
  LVOC,LVEC           = T T
  LVPMC,LVPMF,LVBK    = T T T
  SPECPMC,SPECPMF     =PMC         PMF         
  EEPMC,EEPMF,EEPMCBK =  0.600000024       1.00000000      0.600000024    
  EESO4,EENO3,EEOC    =   3.00000000       3.00000000       4.00000000    
  EESO4S,EENO3S,EEOCS =   2.20000005       2.40000010       2.79999995    
  EESO4L,EENO3L,EEOCL =   4.80000019       5.09999990       6.09999990    
  EESOIL,EEEC,EENO2   =   1.00000000       10.0000000      0.175500005    
  navg,ntop           =           0           4
  navgh,navgm,navgs   =           0           0           0
  itop =           1          30          60         148
  L[1,3,24]HR         = T F T
  LNAVG, LRUNL        = F T
  LT50, LTOPN, LEXCD  = F T F
  LECHO, LTIME, LPEAK = F T T
  THRESH1             =  -1.00000000    
  THRESH3             =  -1.00000000    
  THRESH24            =  -1.00000000    
  THRESHN             =  -1.00000000    
  LPLT, LGRD          = F F
  MDVIS               =           0
  LDEBUG              = F
  LCTSG               = F

 CONTENTS OF HEADER OF MODEL OUTPUT FILE ---------
  model :   CALPUFF     5.8.5       151214      
  msyr,mjsday      =        2017         243
  mshr,mssec       =           0           0
  nsecdt (period)  =        3600
  xbtz             =  -1.00000000    
  mnper,nszout,mavgpd =        2952           1           1
  xorigkm,yorigkm,nssta =    757.000061       5035.00000               0
  ielmet,jelmet =          16          20
  delx,dely,nz =  0.500000000      0.500000000               1
  iastar,iastop,jastar,jastop =           1          16           1          20
  isastr,isastp,jsastr,jsastp =           7          15           4          12
  (computed) ngx,ngy  =          81          81
  meshdn,npts,nareas  =          10           1           0
  nlines,nvols        =           0           0
  ndrec,nctrec,LSGRID =          19           0 T
  
 Discrete Receptors (n,x,y,z):
           1   762.253479       5039.00879       0.00000000    
           2   759.150635       5035.87842       0.00000000    
           3   759.554016       5036.22852       0.00000000    
           4   759.658203       5037.02197       0.00000000    
           5   760.729553       5036.92725       0.00000000    
           6   760.332886       5035.51318       0.00000000    
           7   763.209839       5035.80225       0.00000000    
           8   754.709778       5043.27100       0.00000000    
           9   762.308044       5038.81104       0.00000000    
          10   761.696045       5038.19434       0.00000000    
          11   759.234009       5036.21729       0.00000000    
          12   761.689026       5039.54004       0.00000000    
          13   762.726013       5039.48047       0.00000000    
          14   761.850037       5038.54736       0.00000000    
          15   766.625000       5042.92627       0.00000000    
          16   762.452026       5039.25244       0.00000000    
          17   761.900024       5038.89111       0.00000000    
          18   761.539062       5039.14941       0.00000000    
          19   762.221069       5038.77051       0.00000000    

  Control-file POINT Sources :            0
  EMARB-file POINT Sources   :            1
  Control-file AREA Sources  :            0
  EMARB-file AREA Sources    :            0
  Control-file LINE Sources  :            0
  EMARB-file LINE Sources    :            0
  Control-file VOLUME Sources:            0
  EMARB-file VOLUME Sources  :            0

  Source Names
 FFT             




 **************    NOTICE    ***************
 NDRECP array reset to full range: all 1s

 **************    NOTICE    ***************
 Gridded receptor range reset to NGX by NGY


 ----------------------------------------------------------------------------------------------------------------------------------
          INPUT FILES

 Default Name     Unit No.     File Name and Path
 ------------     --------     ------------------
  CALPOST.INP         5        calpost_disc_rec_ts.inp                                                                                                             
    MODEL.DAT         4        ../calpuff/cpuf.con                                                                                                                 


 ----------------------------------------------------------------------------------------------------------------------------------
          OUTPUT FILES

 Default Name     Unit No.     File Name and Path
 ------------     --------     ------------------
  CALPOST.LST         8        calpost_disc_rec_ts.lst                                                                                                             
  (TSERIES 1)        21        TSERIES_SPECIES_ttHR_CONC_cd.DAT                                                                                                    
 (TSERIES 24)        23        TSERIES_SPECIES_ttHR_CONC_cd.DAT                                                                                                    
  
**********************************************************************************************************************************
                                              CALPOST  Version 6.221         Level 080724      
**********************************************************************************************************************************
  
  
                                                        CD            1

 4 RANKED     1   HOUR AVERAGE  CONCENTRATION VALUES AT EACH DISCRETE RECEPTOR  (YEAR,DAY,START TIME)   (ng/m**3)    

RECEPTOR     COORDINATES (km)             1 RANK                    30 RANK                    60 RANK                   148 RANK
      1      762.253  5039.009   3.4142E+00 (2017,346,0100)  2.2205E+00 (2017,283,1300)  1.8549E+00 (2017,291,1500)  7.2624E-01 (2017,303,1400)
      2      759.151  5035.878   1.9314E-01 (2017,255,2000)  6.1927E-02 (2017,336,0100)  4.1963E-02 (2017,276,0500)  1.8238E-02 (2017,273,0300)
      3      759.554  5036.229   2.1613E-01 (2017,304,1600)  8.2834E-02 (2017,306,2100)  5.1458E-02 (2017,346,1800)  2.3198E-02 (2017,319,1600)
      4      759.658  5037.022   2.3308E-01 (2017,273,1800)  7.6154E-02 (2017,278,0400)  5.2779E-02 (2017,266,0300)  1.9210E-02 (2017,274,1100)
      5      760.730  5036.927   3.8258E-01 (2017,276,1700)  1.7162E-01 (2017,320,2000)  1.2505E-01 (2017,266,2000)  5.0185E-02 (2017,329,1200)
      6      760.333  5035.513   2.1485E-01 (2017,324,1900)  9.8507E-02 (2017,337,2000)  7.0309E-02 (2017,271,0100)  3.5394E-02 (2017,258,0300)
      7      763.210  5035.802   2.6254E-01 (2017,293,0300)  1.4199E-01 (2017,287,0700)  1.1107E-01 (2017,326,0000)  6.3760E-02 (2017,355,0700)
      8      754.710  5043.271   4.0522E-03 (2017,315,1700)  7.7252E-04 (2017,299,1200)  1.8489E-04 (2017,291,1500)  3.8234E-06 (2017,326,1600)
      9      762.308  5038.811   3.5585E+00 (2017,262,1200)  1.6705E+00 (2017,291,1600)  9.6017E-01 (2017,305,1000)  2.0597E-01 (2017,352,1500)
     10      761.696  5038.194   1.2514E+00 (2017,344,0800)  5.8514E-01 (2017,286,0100)  4.1528E-01 (2017,323,1600)  2.3537E-01 (2017,269,1900)
     11      759.234  5036.217   2.0323E-01 (2017,304,1600)  7.3900E-02 (2017,353,2000)  4.3778E-02 (2017,280,0100)  1.7646E-02 (2017,355,1100)
     12      761.689  5039.540   6.1143E-01 (2017,290,1600)  1.6955E-01 (2017,256,1600)  1.3875E-01 (2017,270,1400)  5.9055E-02 (2017,331,1200)
     13      762.726  5039.480   1.6408E+00 (2017,287,2100)  4.5012E-01 (2017,283,2100)  1.4437E-01 (2017,298,1900)  2.1744E-02 (2017,285,0500)
     14      761.850  5038.547   1.3226E+00 (2017,303,0200)  6.3648E-01 (2017,313,1500)  4.4195E-01 (2017,349,1100)  2.2229E-01 (2017,311,0400)
     15      766.625  5042.926   8.8021E-03 (2017,289,2100)  1.5304E-03 (2017,325,1800)  3.0988E-04 (2017,356,1700)  7.2961E-06 (2017,261,0100)
     16      762.452  5039.252   2.1073E+00 (2017,287,2100)  4.6293E-01 (2017,327,1300)  1.8323E-01 (2017,341,1400)  3.8206E-02 (2017,325,1800)
     17      761.900  5038.891   1.3205E+00 (2017,317,1600)  6.4777E-01 (2017,273,1500)  3.7867E-01 (2017,324,1400)  6.0343E-02 (2017,304,1200)
     18      761.539  5039.149   8.9903E-01 (2017,279,1700)  2.3197E-01 (2017,270,1300)  1.3020E-01 (2017,271,1100)  2.8597E-02 (2017,265,1400)
     19      762.221  5038.771   3.5361E+00 (2017,348,1300)  2.6454E+00 (2017,352,1200)  2.1913E+00 (2017,321,1500)  1.4516E+00 (2017,295,1700)
  
**********************************************************************************************************************************
                                              CALPOST  Version 6.221         Level 080724      
**********************************************************************************************************************************
  
  
                                                        CD            1

 4 RANKED    24   HOUR AVERAGE  CONCENTRATION VALUES AT EACH DISCRETE RECEPTOR  (YEAR,DAY,START TIME)   (ng/m**3)    

RECEPTOR     COORDINATES (km)             1 RANK                    30 RANK                    60 RANK                   148 RANK
      1      762.253  5039.009   4.9401E-01 (2017,287,0000)  1.7442E-01 (2017,288,0000)  1.6132E-03 (2017,294,0000) -9.9900E+34 (0000,000,0000)
      2      759.151  5035.878   2.0332E-02 (2017,276,0000)  5.0855E-03 (2017,306,0000)  1.6694E-03 (2017,294,0000) -9.9900E+34 (0000,000,0000)
      3      759.554  5036.229   2.1787E-02 (2017,276,0000)  6.6540E-03 (2017,263,0000)  2.1522E-03 (2017,331,0000) -9.9900E+34 (0000,000,0000)
      4      759.658  5037.022   1.9834E-02 (2017,276,0000)  5.3492E-03 (2017,312,0000)  1.6308E-03 (2017,258,0000) -9.9900E+34 (0000,000,0000)
      5      760.730  5036.927   4.9260E-02 (2017,276,0000)  1.3696E-02 (2017,311,0000)  5.5957E-03 (2017,348,0000) -9.9900E+34 (0000,000,0000)
      6      760.333  5035.513   2.9656E-02 (2017,353,0000)  9.1984E-03 (2017,284,0000)  4.4002E-03 (2017,333,0000) -9.9900E+34 (0000,000,0000)
      7      763.210  5035.802   4.5527E-02 (2017,299,0000)  1.4251E-02 (2017,290,0000)  5.4862E-03 (2017,259,0000) -9.9900E+34 (0000,000,0000)
      8      754.710  5043.271   4.1844E-04 (2017,326,0000)  3.7774E-06 (2017,355,0000)  0.0000E+00 (2017,354,0000) -9.9900E+34 (0000,000,0000)
      9      762.308  5038.811   6.4759E-01 (2017,262,0000)  7.9313E-02 (2017,287,0000)  2.0724E-02 (2017,339,0000) -9.9900E+34 (0000,000,0000)
     10      761.696  5038.194   1.7263E-01 (2017,295,0000)  5.1180E-02 (2017,346,0000)  2.2792E-02 (2017,318,0000) -9.9900E+34 (0000,000,0000)
     11      759.234  5036.217   1.6482E-02 (2017,336,0000)  5.7679E-03 (2017,263,0000)  1.5143E-03 (2017,331,0000) -9.9900E+34 (0000,000,0000)
     12      761.689  5039.540   5.5611E-02 (2017,266,0000)  1.2786E-02 (2017,281,0000)  1.0165E-03 (2017,269,0000) -9.9900E+34 (0000,000,0000)
     13      762.726  5039.480   1.1748E-01 (2017,312,0000)  1.0637E-02 (2017,259,0000)  1.4807E-04 (2017,350,0000) -9.9900E+34 (0000,000,0000)
     14      761.850  5038.547   2.1153E-01 (2017,336,0000)  4.9771E-02 (2017,299,0000)  1.6252E-02 (2017,266,0000) -9.9900E+34 (0000,000,0000)
     15      766.625  5042.926   7.6989E-04 (2017,326,0000)  9.7539E-06 (2017,270,0000)  0.0000E+00 (2017,353,0000) -9.9900E+34 (0000,000,0000)
     16      762.452  5039.252   1.5571E-01 (2017,327,0000)  1.7086E-02 (2017,298,0000)  1.3875E-04 (2017,347,0000) -9.9900E+34 (0000,000,0000)
     17      761.900  5038.891   1.6040E-01 (2017,271,0000)  2.9177E-02 (2017,281,0000)  3.2443E-03 (2017,309,0000) -9.9900E+34 (0000,000,0000)
     18      761.539  5039.149   8.3177E-02 (2017,279,0000)  1.0652E-02 (2017,275,0000)  7.4617E-04 (2017,293,0000) -9.9900E+34 (0000,000,0000)
     19      762.221  5038.771   1.1281E+00 (2017,295,0000)  2.5669E-01 (2017,266,0000)  1.0432E-01 (2017,268,0000) -9.9900E+34 (0000,000,0000)
  
**********************************************************************************************************************************
                                              CALPOST  Version 6.221         Level 080724      
**********************************************************************************************************************************
  
  
  
  
  
     2952   HOUR AVERAGE  CONCENTRATION AT EACH RECEPTOR FOR THE PERIOD STARTING   YEAR: 2017 DAY: 365 HOUR: 23 SEC:    0

  
      DISCRETE RECEPTORS:  CD            1
  
RECEPTOR    COORDINATES (km)         CONCENTRATION            RECEPTOR    COORDINATES (km)         CONCENTRATION

     1      762.253  5039.009         9.5096E-02                  10      761.696  5038.194         3.2550E-02
     2      759.151  5035.878         3.1081E-03                  11      759.234  5036.217         3.1923E-03
     3      759.554  5036.229         3.8637E-03                  12      761.689  5039.540         8.3081E-03
     4      759.658  5037.022         3.4773E-03                  13      762.726  5039.480         1.2482E-02
     5      760.730  5036.927         8.2674E-03                  14      761.850  5038.547         3.1731E-02
     6      760.333  5035.513         5.5785E-03                  15      766.625  5042.926         4.5359E-05
     7      763.210  5035.802         8.4104E-03                  16      762.452  5039.252         1.4092E-02
     8      754.710  5043.271         2.5448E-05                  17      761.900  5038.891         1.9939E-02
     9      762.308  5038.811         5.9911E-02                  18      761.539  5039.149         8.6140E-03
                                                                  19      762.221  5038.771         1.7250E-01
  
**********************************************************************************************************************************
                                              CALPOST  Version 6.221         Level 080724      
**********************************************************************************************************************************
  
  
                                                        SUMMARY SECTION


                                                        CD            1


                                                          (ng/m**3)    


 RECEPTOR     COORDINATES (km)    TYPE      PEAK (YEAR,DAY,START TIME)      FOR RANK    FOR AVERAGE PERIOD
  
      9      762.308  5038.811  DISCRETE    3.5585E+00 (2017,262,1200)       RANK  1          1   HOUR
     19      762.221  5038.771  DISCRETE    2.6454E+00 (2017,352,1200)       RANK 30          1   HOUR
     19      762.221  5038.771  DISCRETE    2.1913E+00 (2017,321,1500)       RANK 60          1   HOUR
     19      762.221  5038.771  DISCRETE    1.4516E+00 (2017,295,1700)       RANK **          1   HOUR
  
     19      762.221  5038.771  DISCRETE    1.1281E+00 (2017,295,0000)       RANK  1         24   HOUR
     19      762.221  5038.771  DISCRETE    2.5669E-01 (2017,266,0000)       RANK 30         24   HOUR
     19      762.221  5038.771  DISCRETE    1.0432E-01 (2017,268,0000)       RANK 60         24   HOUR
      0        0.000     0.000  DISCRETE    0.0000E+00 (0000,000,0000)       RANK **         24   HOUR
  
     19      762.221  5038.771  DISCRETE    1.7250E-01                       RANK  1       2952   HOUR
